// Jest Snapshot v1, https://goo.gl/fbAQLP

exports[`<App /> should render and match the snapshot 1`] = `
<BrowserRouter>
  <Helmet
    defaultTitle="Make Matcher Team 1"
    defer={true}
    encodeSpecialCharacters={true}
    htmlAttributes={
      Object {
        "lang": undefined,
      }
    }
    prioritizeSeoTags={false}
    titleTemplate="%s - Make Matcher Team 1"
  >
    <meta
      content="Make Matcher Team 1"
      name="description"
    />
  </Helmet>
  <Routes>
    <Route
      element={<AuthPage />}
      index={true}
      path="/"
    />
    <Route
      element={<Unknown />}
      path="/home"
    />
    <Route
      element={<Unknown />}
      path="/signup"
    />
    <Route
      element={<NotFoundPage />}
      path="*"
    />
  </Routes>
</BrowserRouter>
`;
